Using username "student-02-d5d50cc4332c".
Authenticating with public key "imported-openssh-key"
Linux linux-instance 4.19.0-16-cloud-amd64 #1 SMP Debian 4.19.181-1 (2021-03-19)                                       x86_64

The programs included with the Debian GNU/Linux system are free software;
the exact distribution terms for each program are described in the
individual files in /usr/share/doc/*/copyright.

Debian GNU/Linux comes with ABSOLUTELY NO WARRANTY, to the extent
permitted by applicable law.
student-02-d5d50cc4332c@linux-instance:~$ ls -la
total 32
drwxrwxrwx 5 student-02-d5d50cc4332c student-02-d5d50cc4332c 4096 May 23 15:37 .
drwxr-xr-x 3 root                    root                    4096 May 23 15:36 .                                      .
-rwxrwxrwx 1 student-02-d5d50cc4332c student-02-d5d50cc4332c  220 Apr 18  2019 .                                      bash_logout
-rwxrwxrwx 1 student-02-d5d50cc4332c student-02-d5d50cc4332c 3526 Apr 18  2019 .                                      bashrc
drwx------ 3 student-02-d5d50cc4332c student-02-d5d50cc4332c 4096 May 23 15:37 .                                      gnupg
-rwxrwxrwx 1 student-02-d5d50cc4332c student-02-d5d50cc4332c  807 Apr 18  2019 .                                      profile
drwxrwxrwx 2 student-02-d5d50cc4332c root                    4096 May 23 15:36 .                                      ssh
drwxr-xr-x 3 student-02-d5d50cc4332c student-02-d5d50cc4332c 4096 Jan  8  2020 f                                      ood-scripts
student-02-d5d50cc4332c@linux-instance:~$ la -la
-bash: la: command not found
student-02-d5d50cc4332c@linux-instance:~$ cd ~/food-scripts
student-02-d5d50cc4332c@linux-instance:~/food-scripts$ ls
favorite_foods.log  food_count.py  food_question.py
student-02-d5d50cc4332c@linux-instance:~/food-scripts$ cat favorite_foods.log
pie
burgers
pizza
pie
tacos
fried chicken
spaghetti
rice
cake
broccoli
cake
cereal
salad
avocados
burgers
rice
rice
salad
ice cream
avocados
pie
pizza
fish
fried chicken
rice
strawberries
broccoli
bananas
salad
pizza
tacos
spaghetti
burgers
spaghetti
spaghetti
watermelon
avocados
strawberries
avocados
burgers
spaghetti
salad
pie
fried chicken
rice
fish
fried chicken
ice cream
fried chicken
pizza
salad
avocados
rice
pie
pie
tacos
fish
rice
salad
bananas
burgers
salad
rice
tacos
fried chicken
pizza
bananas
rice
bananas
rice
cereal
pizza
ice cream
strawberries
cereal
fried chicken
rice
burgers
bananas
broccoli
rice
burgers
avocados
tacos
fish
broccoli
fried chicken
pizza
burgers
cake
tacos
pie
burgers
ice cream
broccoli
watermelon
fried chicken
pie
burgers
ice cream
student-02-d5d50cc4332c@linux-instance:~/food-scripts$ ./food_count.py
rice, 12
burgers, 10
fried chicken, 9
pie, 8
pizza, 7
salad, 7
tacos, 6
avocados, 6
spaghetti, 5
broccoli, 5
ice cream, 5
bananas, 5
fish, 4
cake, 3
cereal, 3
strawberries, 3
watermelon, 2
student-02-d5d50cc4332c@linux-instance:~/food-scripts$ ./food_question.py
Traceback (most recent call last):
  File "./food_question.py", line 10, in <module>
    if item not in counter:
NameError: name 'item' is not defined
student-02-d5d50cc4332c@linux-instance:~/food-scripts$ git status
On branch master
nothing to commit, working tree clean
student-02-d5d50cc4332c@linux-instance:~/food-scripts$ git log
commit 21cf376832fa6eace35c0bf9e4bae4a3400452e9 (HEAD -> master)
Author: Alex Cooper <alex_cooper@gmail.com>
Date:   Wed Jan 8 14:09:39 2020 +0530

    Rename item variable to food_item.

commit b8d00e33237b24ea1480c363edd972cf4b49eedf
Author: Alex Cooper <alex_cooper@gmail.com>
Date:   Wed Jan 8 14:08:35 2020 +0530

    Added file food_question.py that returns how many others in the list like that same food.

commit 8d5a3189b88d273ef08286e5074b5e38d616da21
Author: Alex Cooper <alex_cooper@gmail.com>
Date:   Wed Jan 8 14:07:15 2020 +0530

    Added file food_count.py that returns a list of each food and the number of times each food appears in favorite_foods.log file.

commit 0a202e03e0356d2b5c323e51905d3d06e5e2d0ed
Author: Alex Cooper <alex_cooper@gmail.com>
Date:   Wed Jan 8 14:06:21 2020 +0530

    Added file favorite_foods.log that contains list of foods.
student-02-d5d50cc4332c@linux-instance:~/food-scripts$ git config user.name "Name"
student-02-d5d50cc4332c@linux-instance:~/food-scripts$ git config user.email "user@example.com"
student-02-d5d50cc4332c@linux-instance:~/food-scripts$ git config -l
core.repositoryformatversion=0
core.filemode=true
core.bare=false
core.logallrefupdates=true
core.ignorecase=true
core.precomposeunicode=true
user.name=Name
user.email=user@example.com
student-02-d5d50cc4332c@linux-instance:~/food-scripts$ git branch improve-output
student-02-d5d50cc4332c@linux-instance:~/food-scripts$ git branch
  improve-output
* master
student-02-d5d50cc4332c@linux-instance:~/food-scripts$ git checkout improve-output
Switched to branch 'improve-output'
student-02-d5d50cc4332c@linux-instance:~/food-scripts$ git branch
* improve-output
  master
student-02-d5d50cc4332c@linux-instance:~/food-scripts$ nano food_count.py
student-02-d5d50cc4332c@linux-instance:~/food-scripts$ ./food_count.py
Favourite foods, from most popular to least popular
rice, 12
burgers, 10
fried chicken, 9
pie, 8
pizza, 7
salad, 7
tacos, 6
avocados, 6
spaghetti, 5
broccoli, 5
ice cream, 5
bananas, 5
fish, 4
cake, 3
cereal, 3
strawberries, 3
watermelon, 2
student-02-d5d50cc4332c@linux-instance:~/food-scripts$ git add food_count.py
student-02-d5d50cc4332c@linux-instance:~/food-scripts$ git commit -m "Adding a line in the output describing the utility of food_count.py script"
[improve-output 1de8886] Adding a line in the output describing the utility of food_count.py script
 1 file changed, 2 insertions(+)
student-02-d5d50cc4332c@linux-instance:~/food-scripts$ ./food_question.py
Traceback (most recent call last):
  File "./food_question.py", line 10, in <module>
    if item not in counter:
NameError: name 'item' is not defined
student-02-d5d50cc4332c@linux-instance:~/food-scripts$ git log
commit 1de8886366f18cff79f578c77b7f5522f48f28d4 (HEAD -> improve-output)
Author: Name <user@example.com>
Date:   Tue May 23 15:45:12 2023 +0000

    Adding a line in the output describing the utility of food_count.py script

commit 21cf376832fa6eace35c0bf9e4bae4a3400452e9 (master)
Author: Alex Cooper <alex_cooper@gmail.com>
Date:   Wed Jan 8 14:09:39 2020 +0530

    Rename item variable to food_item.

commit b8d00e33237b24ea1480c363edd972cf4b49eedf
Author: Alex Cooper <alex_cooper@gmail.com>
Date:   Wed Jan 8 14:08:35 2020 +0530

    Added file food_question.py that returns how many others in the list like that same food.

commit 8d5a3189b88d273ef08286e5074b5e38d616da21
Author: Alex Cooper <alex_cooper@gmail.com>
Date:   Wed Jan 8 14:07:15 2020 +0530

    Added file food_count.py that returns a list of each food and the number of times each food appears in favorite_foods.log file.

commit 0a202e03e0356d2b5c323e51905d3d06e5e2d0ed
Author: Alex Cooper <alex_cooper@gmail.com>
Date:   Wed Jan 8 14:06:21 2020 +0530

    Added file favorite_foods.log that contains list of foods.

student-02-d5d50cc4332c@linux-instance:~/food-scripts$ git branch
* improve-output
  master
student-02-d5d50cc4332c@linux-instance:~/food-scripts$ git revert 21cf376832fa6eace35c0bf9e4bae4a3400452e9
[improve-output 22745a3] Revert "Rename item variable to food_item." by Mee
 1 file changed, 1 insertion(+), 1 deletion(-)
student-02-d5d50cc4332c@linux-instance:~/food-scripts$ ./food_question.py
Select your favorite food below:
pie
burgers
pizza
tacos
fried chicken
spaghetti
rice
cake
broccoli
cereal
salad
avocados
ice cream
fish
strawberries
bananas
watermelon
Which of the foods above is your favorite? rice
12 of your friends like rice as well!
student-02-d5d50cc4332c@linux-instance:~/food-scripts$ git branch
* improve-output
  master
student-02-d5d50cc4332c@linux-instance:~/food-scripts$ git checkout master
Switched to branch 'master'
student-02-d5d50cc4332c@linux-instance:~/food-scripts$ git branch
  improve-output
* master
student-02-d5d50cc4332c@linux-instance:~/food-scripts$ git merge improve-output
Updating 21cf376..22745a3
Fast-forward
 food_count.py    | 2 ++
 food_question.py | 2 +-
 2 files changed, 3 insertions(+), 1 deletion(-)
student-02-d5d50cc4332c@linux-instance:~/food-scripts$ ./food_question.py
Select your favorite food below:
pie
burgers
pizza
tacos
fried chicken
spaghetti
rice
cake
broccoli
cereal
salad
avocados
ice cream
fish
strawberries
bananas
watermelon
Which of the foods above is your favorite? burgers
10 of your friends like burgers as well!
student-02-d5d50cc4332c@linux-instance:~/food-scripts$ git status
On branch improve-output
nothing to commit, working tree clean
student-02-d5d50cc4332c@linux-instance:~/food-scripts$ git log
commit 22745a31d55ce8a85f794aa28259cb40aee4d53b (HEAD -> improve-output, master)
Author: Name <user@example.com>
Date:   Tue May 23 15:47:47 2023 +0000

    Revert "Rename item variable to food_item."
    by Mee

    This reverts commit 21cf376832fa6eace35c0bf9e4bae4a3400452e9.

commit 1de8886366f18cff79f578c77b7f5522f48f28d4
Author: Name <user@example.com>
Date:   Tue May 23 15:45:12 2023 +0000

    Adding a line in the output describing the utility of food_count.py script

commit 21cf376832fa6eace35c0bf9e4bae4a3400452e9
Author: Alex Cooper <alex_cooper@gmail.com>
Date:   Wed Jan 8 14:09:39 2020 +0530

    Rename item variable to food_item.

commit b8d00e33237b24ea1480c363edd972cf4b49eedf
Author: Alex Cooper <alex_cooper@gmail.com>
Date:   Wed Jan 8 14:08:35 2020 +0530

    Added file food_question.py that returns how many others in the list like that same food.

commit 8d5a3189b88d273ef08286e5074b5e38d616da21
Author: Alex Cooper <alex_cooper@gmail.com>
Date:   Wed Jan 8 14:07:15 2020 +0530

    Added file food_count.py that returns a list of each food and the number of times each food appears in favorite_foods.log file.

commit 0a202e03e0356d2b5c323e51905d3d06e5e2d0ed
Author: Alex Cooper <alex_cooper@gmail.com>
Date:   Wed Jan 8 14:06:21 2020 +0530

    Added file favorite_foods.log that contains list of foods.
student-02-d5d50cc4332c@linux-instance:~/food-scripts$ cat food_count.py
#!/usr/bin/env python3

# Dictionary to keep track of food likes
counter = {}

# Open up the favorite foods log and add it to the dictionary
with open("favorite_foods.log", "r") as f:
    for i in f:
        i = i[:-1]
        if i not in counter:
            counter[i] = 1
        else:
            counter[i] += 1

# Sorts the liked foods in descending order
sort_foods = sorted(counter.items(), key = lambda x : x[1], reverse = True)

print("Favourite foods, from most popular to least popular")

# Prints out the liked foods
for i in range(len(sort_foods)):
    print("{}, {}".format(sort_foods[i][0], sort_foods[i][1]))
student-02-d5d50cc4332c@linux-instance:~/food-scripts$ cat food_question.py
#!/usr/bin/env python3

# Dictionary to keep track of food likes
counter = {}

# Open up the favorite foods log and count frequencies using the dictionary
with open("favorite_foods.log", "r") as f:
    for line in f:
        item = line.strip()
        if item not in counter:
            counter[item] = 1
        else:
            counter[item] += 1

# Print out all the available liked foods
print("Select your favorite food below:")
for item in counter:
    print(item)

# Ask which food is the user's favorite
answer = input("Which of the foods above is your favorite? ")
answer = answer.lower()

# Print out how many others like the user's favorite food, otherwise say it can't be found
try:
    print("{} of your friends like {} as well!".format(counter[answer], answer))
    exit(0)
except KeyError:
    print("Hmm we couldn't find anyone who also likes \"{}\".".format(answer))
    print("Did you enter one of the foods listed above?")
    exit(0)
student-02-d5d50cc4332c@linux-instance:~/food-scripts$
